// Jest Snapshot v1, https://goo.gl/fbAQLP

exports[`DochistoryComponent should create version list with mock data 1`] = `
<med-doc-history
  closeSidenav={[Function EventEmitter]}
  dochistory={[Function Array]}
  loadVersion={[Function EventEmitter]}
  selectedHistory={[Function String]}
>
  <div
    class="history-header"
  >
    <h3>
      History
    </h3>
    <button
      class="close-icon"
      mat-icon-button=""
    >
      <mat-icon
        aria-hidden="true"
        class="mat-icon material-icons mat-icon-no-color"
        role="img"
      >
        close
      </mat-icon>
    </button>
  </div><cdk-virtual-scroll-viewport
    class="history-content-container cdk-virtual-scroll-viewport cdk-virtual-scroll-orientation-vertical"
    itemsize="50"
    ng-reflect-item-size="50"
  >
    <div
      class="cdk-virtual-scroll-content-wrapper"
    >
      
    </div>
    <div
      class="cdk-virtual-scroll-spacer"
    />
  </cdk-virtual-scroll-viewport>
</med-doc-history>
`;
