// Jest Snapshot v1, https://goo.gl/fbAQLP

exports[`SessionTimeoutDialog Component should compile session timeout dialog 1`] = `
<med-session-timeout-dialog
  dialogRef={[Function Object]}
>
  <mat-dialog-content
    _ngcontent-c0=""
    class="mat-dialog-content"
  >
    <h3
      _ngcontent-c0=""
    >
      Your session has expired, please login again
    </h3>
    <p
      _ngcontent-c0=""
    >
      If you were working on something, be sure to close this dialog and copy your changes out.
    </p>
    <p
      _ngcontent-c0=""
    >
      Unsaved changes will be lost!
    </p>
    <button
      _ngcontent-c0=""
      class="login-btn"
      color="accent"
      mat-button=""
    >
      <mat-icon
        _ngcontent-c0=""
        aria-hidden="true"
        class="mat-icon material-icons mat-icon-no-color"
        role="img"
      >
        person
      </mat-icon>
       Login 
    </button>
  </mat-dialog-content>
</med-session-timeout-dialog>
`;
