// Jest Snapshot v1, https://goo.gl/fbAQLP

exports[`Main Page should compile 1`] = `
<meditor-app
  store={[Function Store]}
>
  <div
    _ngcontent-c0=""
    fxfill=""
    fxlayout="row"
  >
    <div
      _ngcontent-c0=""
      fxflex="5"
    />
    <div
      _ngcontent-c0=""
      fxflex="90"
    >
      <div
        _ngcontent-c0=""
        fxfill=""
        fxlayout="column"
        fxlayoutalign="center none"
      >
        <med-toolbar
          _ngcontent-c0=""
          fxflex="70px"
        />
        <div
          _ngcontent-c0=""
          fxflex="90-70px"
          style="overflow: scroll; padding: 0 16px;"
        >
          <router-outlet
            _ngcontent-c0=""
          />
        </div>
        <div
          _ngcontent-c0=""
          fxflex="10"
        />
      </div>
    </div>
    <div
      _ngcontent-c0=""
      fxflex="5"
    />
  </div>
</meditor-app>
`;
