// Jest Snapshot v1, https://goo.gl/fbAQLP

exports[`Main Page should compile main container and call keepAlive 1`] = `
<meditor-app
  isLoggedIn="false"
  keepAlive={[Function Function]}
  store={[Function Store]}
  version={[Function String]}
>
  <div
    class="app-container"
    fxfill=""
    fxlayout="column"
    fxlayoutalign="start none"
  >
    <med-toolbar
      fxflex="82px"
    />
    <div
      fxflex="80"
      style="overflow: scroll; padding: 0 16px;"
    >
      <router-outlet />
    </div>
    <div
      class="app-version"
    >
      v0.28.0
    </div>
    <med-loading />
    <med-notification />
  </div>
</meditor-app>
`;
