// Jest Snapshot v1, https://goo.gl/fbAQLP

exports[`Main Page should compile main container 1`] = `
<meditor-app
  version={[Function String]}
>
  <div
    class="app-container"
    fxfill=""
    fxlayout="column"
    fxlayoutalign="center none"
  >
    <med-toolbar
      fxflex="82px"
    />
    <div
      fxflex="90-100px"
      style="overflow: scroll; padding: 0 16px;"
    >
      <router-outlet />
    </div>
    <div
      class="app-version"
    >
      v0.9.0
    </div>
    <med-loading />
    <med-notification />
  </div>
</meditor-app>
`;
