// Jest Snapshot v1, https://goo.gl/fbAQLP

exports[`Login Page should compile 1`] = `
<med-login-page>
  
  		<div
    _ngcontent-c0=""
    fxfill=""
    fxlayout="row"
    fxlayout.lt-lg="column"
    fxlayoutalign="center center"
  >
    
        
    <mat-card
      _ngcontent-c0=""
      class="mat-card"
    >
      
          
      <mat-card-content
        _ngcontent-c0=""
        class="mat-card-content"
      >
        
           	Login please
           	
        <med-login
          _ngcontent-c0=""
        />
        
          
      </mat-card-content>
      
        
    </mat-card>
    
      
  </div>
  	
</med-login-page>
`;
