// Jest Snapshot v1, https://goo.gl/fbAQLP

exports[`Search Page should compile 1`] = `
<med-search-page
  __models$__selector={[Function Observable]}
  __selectedModel$__selector={[Function Observable]}
  __selectedModelDocuments$__selector={[Function Observable]}
  filteredDocuments$={[Function Observable]}
  store={[Function Store]}
>
  
</med-search-page>
`;
