// Jest Snapshot v1, https://goo.gl/fbAQLP

exports[`Search Page should compile 1`] = `
<med-splash-page
  adminModels$={[Function Store]}
  models$={[Function Store]}
  router={[Function Router]}
  store={[Function Store]}
>
  <mat-card
    class="content-types-card mat-card"
  >
    <mat-card-title
      class="mat-card-title"
      style="text-align: center; color:gray;"
    >
       Select a content type to edit 
    </mat-card-title>
    <mat-card-content
      class="mat-card-content"
      fxlayout="row wrap"
      fxlayoutalign="center center"
    >
      
    </mat-card-content>
  </mat-card><mat-card
    class="admin-types-card mat-card"
  >
    <mat-card-title
      class="mat-card-title"
      style="text-align: center; color:gray;"
    >
       Admin Panel 
    </mat-card-title>
    <mat-card-content
      class="mat-card-content"
      fxlayout="row wrap"
      fxlayoutalign="center center"
    >
      
    </mat-card-content>
  </mat-card>
</med-splash-page>
`;
