// Jest Snapshot v1, https://goo.gl/fbAQLP

exports[`Search Page should compile and call loggedIn func on init 1`] = `
<med-splash-page
  __categories$__selector={[Function Observable]}
  __loggedIn$__selector={[Function Observable]}
  loggedIn={[Function Function]}
  store={[Function Store]}
>
  <mat-card
    class="content-types-card  mat-elevation-z0 mat-card"
  >
    <mat-card-title
      class="mat-card-title"
      style="text-align: center; color:gray;"
    >
       Admin 
    </mat-card-title>
    <mat-card-content
      class="mat-card-content"
      fxlayout="row wrap"
      fxlayoutalign="center center"
    >
      
      
      
      <med-model-button
        ng-reflect-model="[object Object]"
        style="margin:10px"
      >
        <button
          class="mat-raised-button mat-primary _mat-animation-noopable"
          color="primary"
          fxflex="120px"
          mat-raised-button=""
          ng-reflect-color="primary"
          style="line-height: inherit; padding: 10px;"
        >
          <span
            class="mat-button-wrapper"
          >
            <i
              class="icon-badge icon-badge-lg fa fa-map-signs align-middle"
              style="margin-bottom: 5px; background-color: rgb(0, 0, 0);"
            />
            <div
              style="font-weight: bold;"
            >
              Workflows
            </div>
            <div>
              (2)
            </div>
          </span>
          <div
            class="mat-button-ripple mat-ripple"
            matripple=""
            ng-reflect-centered="false"
            ng-reflect-disabled="false"
            ng-reflect-trigger="[object HTMLButtonElement]"
          />
          <div
            class="mat-button-focus-overlay"
          />
        </button>
      </med-model-button>
      
      
      
      
    </mat-card-content>
  </mat-card><mat-card
    class="content-types-card  mat-elevation-z0 mat-card"
  >
    <mat-card-title
      class="mat-card-title"
      style="text-align: center; color:gray;"
    >
       GESDISC 
    </mat-card-title>
    <mat-card-content
      class="mat-card-content"
      fxlayout="row wrap"
      fxlayoutalign="center center"
    >
      
      
      
      
      
      
      <med-model-button
        ng-reflect-model="[object Object]"
        style="margin:10px"
      >
        <button
          class="mat-raised-button mat-primary _mat-animation-noopable"
          color="primary"
          fxflex="120px"
          mat-raised-button=""
          ng-reflect-color="primary"
          style="line-height: inherit; padding: 10px;"
        >
          <span
            class="mat-button-wrapper"
          >
            <i
              class="icon-badge icon-badge-lg fa fa-warning align-middle"
              style="margin-bottom: 5px; background-color: rgb(255, 225, 25);"
            />
            <div
              style="font-weight: bold;"
            >
              Alerts
            </div>
            <div>
              (2)
            </div>
          </span>
          <div
            class="mat-button-ripple mat-ripple"
            matripple=""
            ng-reflect-centered="false"
            ng-reflect-disabled="false"
            ng-reflect-trigger="[object HTMLButtonElement]"
          />
          <div
            class="mat-button-focus-overlay"
          />
        </button>
      </med-model-button>
      
    </mat-card-content>
  </mat-card>
</med-splash-page>
`;
