// Jest Snapshot v1, https://goo.gl/fbAQLP

exports[`Document New Page should compile 1`] = `
<med-docnew-page
  __model$__selector={[Function Observable]}
  dirty="false"
  store={[Function Store]}
>
  <div
    class="doc-new-container"
    fxlayout="row"
  >
    <mat-card
      class="mat-elevation-z0"
      fxflex="100"
    >
      <med-doc-breadcrumbs />
      <mat-card-title>
        <i
          class="icon-badge icon-badge-sm fa "
        />
          
      </mat-card-title>
      <mat-card-subtitle>
          
      </mat-card-subtitle>
      <mat-card-content>
        <med-document-edit />
        
        <button
          disabled=""
          mat-raised-button=""
        >
          Save 
        </button>
      </mat-card-content>
    </mat-card>
  </div>
</med-docnew-page>
`;
