// Jest Snapshot v1, https://goo.gl/fbAQLP

exports[`Document Edit Page should compile 1`] = `
<med-docedit-page
  __commentsCount$__selector={[Function Observable]}
  __edges$__selector={[Function Observable]}
  __history$__selector={[Function Observable]}
  __model$__selector={[Function Observable]}
  __versionsCount$__selector={[Function Observable]}
  __workflow$__selector={[Function Observable]}
  dirty="false"
  history="undefined"
  readonlydoc={[Function Boolean]}
  sidenav={[Function ElementRef]}
  store={[Function Store]}
  versionFilter={[Function Date]}
>
  <div
    class="doc-edit-container"
    fxlayout="row"
  >
    <mat-card
      class="mat-elevation-z0"
      fxflex="100"
    >
      <mat-drawer-container
        class="comment-sidenav-container"
      >
        <mat-drawer
          class="comment-sidenav"
        >
          
          
        </mat-drawer>
        <mat-drawer-content
          class="editor-form"
        >
          <med-doc-breadcrumbs />
          <mat-card-title>
            <i
              class="icon-badge icon-badge-sm fa "
            />
              
          </mat-card-title>
          <mat-card-subtitle>
              
          </mat-card-subtitle>
          <mat-card-content>
            <div
              class="button-panel"
            >
              <button
                mat-mini-fab=""
                matbadgecolor="warn"
              >
                <mat-icon>
                  question_answer
                </mat-icon>
              </button>
              <button
                mat-mini-fab=""
                matbadgecolor="warn"
              >
                <mat-icon>
                  history
                </mat-icon>
              </button>
              <mat-chip-list
                class="state-chip"
              >
                <mat-chip>
                  
                </mat-chip>
              </mat-chip-list>
              <span
                class="version-info"
              >
                (edited by  on )
              </span>
            </div>
            <med-document-edit
              class=""
            />
            
            <button
              disabled=""
              mat-raised-button=""
            >
              Save 
            </button>
            
            <med-document-actions />
          </mat-card-content>
        </mat-drawer-content>
      </mat-drawer-container>
    </mat-card>
  </div>
</med-docedit-page>
`;
