// Jest Snapshot v1, https://goo.gl/fbAQLP

exports[`Search Page should compile 1`] = `
<med-docedit-page
  commentText=""
  comments$={[Function Store]}
  document$={[Function Store]}
  documentStore={[Function Store]}
  history$={[Function Store]}
  model$={[Function Store]}
  rootStore={[Function Store]}
  route={[Function ActivatedRoute]}
  routeParams={[Function Object]}
  router={[Function Router]}
  selectedHistory$={[Function Store]}
  showForm="false"
  showHistory="false"
  showResolved="false"
  sidenav={[Function ElementRef]}
>
  <div
    class="doc-edit-container"
    fxlayout="row"
  >
    <mat-card
      fxflex="75"
    >
      <mat-sidenav-container
        class="comment-sidenav-container"
      >
        <mat-sidenav
          class="comment-sidenav"
        >
          
          <button
            class="new-comment-button"
            mat-raised-button=""
            type="submit"
          >
            <mat-icon>
              comment
            </mat-icon>
             New comment 
          </button>
          <button
            class="close-sidenav-button"
            color="warn"
            mat-raised-button=""
          >
            <mat-icon>
              close
            </mat-icon>
             Close 
          </button>
          <button
            class="resolved-sidenav-button"
            mat-raised-button=""
          >
            <mat-icon>
              visibility
            </mat-icon>
             Show all 
          </button>
          
          <med-comment />
        </mat-sidenav>
        <mat-sidenav-content
          class="editor-form"
        >
          <mat-card-title>
            <i
              class="icon-badge icon-badge-sm fa "
            />
              
          </mat-card-title>
          <mat-card-subtitle>
              
          </mat-card-subtitle>
          <mat-card-content>
            <div
              class="button-panel"
            >
              <button
                mat-mini-fab=""
                matbadgecolor="warn"
              >
                <mat-icon>
                  question_answer
                </mat-icon>
              </button>
              <button
                mat-mini-fab=""
              >
                <mat-icon>
                  history
                </mat-icon>
              </button>
            </div>
            <med-document-edit />
          </mat-card-content>
        </mat-sidenav-content>
      </mat-sidenav-container>
    </mat-card>
    <div
      fxflex="2"
    />
    <div
      fxflex="23"
    >
      
    </div>
  </div>
</med-docedit-page>
`;
