// Jest Snapshot v1, https://goo.gl/fbAQLP

exports[`ToolbarComponent should compile toolbar 1`] = `
<med-toolbar
  helpDocumentLocation={[Function String]}
>
  <mat-toolbar
    class="med-toolbar mat-toolbar mat-toolbar-single-row"
  >
    <img
      class="logo"
      routerlink="/"
      src="assets/logo.png"
    />
    <span
      class="spacer"
    />
    <med-login-status />
    <mat-menu
      fxhide.gt-sm=""
    >
      <button
        mat-menu-item=""
        routerlink="/"
      >
        <mat-icon
          aria-hidden="true"
          class="mat-icon material-icons mat-icon-no-color"
          role="img"
        >
          home
        </mat-icon>
         Home 
      </button>
      <a
        href="mailto:gsfc-uui-dev-disc@lists.nasa.gov"
        mat-menu-item=""
      >
        <mat-icon
          aria-hidden="true"
          class="mat-icon material-icons mat-icon-no-color"
          role="img"
        >
          feedback
        </mat-icon>
         Feedback 
      </a>
      <a
        href="/assets/mEditorhelp.html"
        mat-menu-item=""
        target="_blank"
      >
        <mat-icon
          aria-hidden="true"
          class="mat-icon material-icons mat-icon-no-color"
          role="img"
        >
          help
        </mat-icon>
         Help 
      </a>
    </mat-menu>
    <button
      fxhide.gt-sm=""
      mat-icon-button=""
    >
      <mat-icon
        aria-hidden="true"
        class="mat-icon material-icons mat-icon-no-color"
        role="img"
      >
        more_vert
      </mat-icon>
    </button>
    <div
      fxhide.lt-md=""
    >
      <button
        class="tb-button"
        mat-button=""
        routerlink="/"
      >
        <mat-icon
          aria-hidden="true"
          class="mat-icon material-icons mat-icon-no-color"
          role="img"
        >
          home
        </mat-icon>
         Home 
      </button>
      <a
        class="tb-button"
        href="mailto:gsfc-uui-dev-disc@lists.nasa.gov"
        mat-button=""
      >
        <mat-icon
          aria-hidden="true"
          class="mat-icon material-icons mat-icon-no-color"
          role="img"
        >
          feedback
        </mat-icon>
         Feedback 
      </a>
      <a
        class="tb-button"
        href="/assets/mEditorhelp.html"
        mat-button=""
        target="_blank"
      >
        <mat-icon
          aria-hidden="true"
          class="mat-icon material-icons mat-icon-no-color"
          role="img"
        >
          help
        </mat-icon>
         Help 
      </a>
    </div>
  </mat-toolbar>
</med-toolbar>
`;
